
> react-kavia@0.1.0 start
> react-scripts start

(node:872) [DEP_WEBPACK_DEV_SERVER_ON_AFTER_SETUP_MIDDLEWARE] DeprecationWarning: 'onAfterSetupMiddleware' option is deprecated. Please use the 'setupMiddlewares' option.
(Use `node --trace-deprecation ...` to show where the warning was created)
(node:872) [DEP_WEBPACK_DEV_SERVER_ON_BEFORE_SETUP_MIDDLEWARE] DeprecationWarning: 'onBeforeSetupMiddleware' option is deprecated. Please use the 'setupMiddlewares' option.
Starting the development server...

Compiled successfully!

You can now view react-kavia in the browser.

  Local:            http://localhost:3000
  On Your Network:  http://172.17.0.2:3000

Note that the development build is not optimized.
To create a production build, use npm run build.

webpack compiled successfully
Compiling...
Compiled successfully!
webpack compiled successfully
Compiling...
Failed to compile.

[eslint] 
src/FPSCanvas.js
  Line 76:3:  'useFrame' is not defined  no-undef

Search for the keywords to learn more about each error.
WARNING in ./node_modules/@mediapipe/tasks-vision/vision_bundle.mjs
Module Warning (from ./node_modules/source-map-loader/dist/cjs.js):
Failed to parse source map from '/home/kavia/workspace/code-generation/rapidstrike-immersive-fps-24317-a23bcf2d/rapidstrike_fps/node_modules/@mediapipe/tasks-vision/vision_bundle_mjs.js.map' file: Error: ENOENT: no such file or directory, open '/home/kavia/workspace/code-generation/rapidstrike-immersive-fps-24317-a23bcf2d/rapidstrike_fps/node_modules/@mediapipe/tasks-vision/vision_bundle_mjs.js.map'

WARNING in [eslint] 
src/FPSCanvas.js
  Line 12:19:  'gl' is assigned a value but never used  no-unused-vars

ERROR in [eslint] 
src/FPSCanvas.js
  Line 76:3:  'useFrame' is not defined  no-undef

Search for the keywords to learn more about each error.

webpack compiled with 1 error and 2 warnings
Compiling...
Compiled with warnings.

Failed to parse source map from '/home/kavia/workspace/code-generation/rapidstrike-immersive-fps-24317-a23bcf2d/rapidstrike_fps/node_modules/@mediapipe/tasks-vision/vision_bundle_mjs.js.map' file: Error: ENOENT: no such file or directory, open '/home/kavia/workspace/code-generation/rapidstrike-immersive-fps-24317-a23bcf2d/rapidstrike_fps/node_modules/@mediapipe/tasks-vision/vision_bundle_mjs.js.map'

[eslint] 
src/FPSCanvas.js
  Line 12:19:  'gl' is assigned a value but never used  no-unused-vars

Search for the keywords to learn more about each warning.
To ignore, add // eslint-disable-next-line to the line before.

WARNING in ./node_modules/@mediapipe/tasks-vision/vision_bundle.mjs
Module Warning (from ./node_modules/source-map-loader/dist/cjs.js):
Failed to parse source map from '/home/kavia/workspace/code-generation/rapidstrike-immersive-fps-24317-a23bcf2d/rapidstrike_fps/node_modules/@mediapipe/tasks-vision/vision_bundle_mjs.js.map' file: Error: ENOENT: no such file or directory, open '/home/kavia/workspace/code-generation/rapidstrike-immersive-fps-24317-a23bcf2d/rapidstrike_fps/node_modules/@mediapipe/tasks-vision/vision_bundle_mjs.js.map'

WARNING in [eslint] 
src/FPSCanvas.js
  Line 12:19:  'gl' is assigned a value but never used  no-unused-vars

webpack compiled with 2 warnings
Compiling...
Failed to compile.

[eslint] 
src/FPSCanvas.js
  Line 153:10:  'Environment' is not defined  react/jsx-no-undef

Search for the keywords to learn more about each error.
WARNING in ./node_modules/@mediapipe/tasks-vision/vision_bundle.mjs
Module Warning (from ./node_modules/source-map-loader/dist/cjs.js):
Failed to parse source map from '/home/kavia/workspace/code-generation/rapidstrike-immersive-fps-24317-a23bcf2d/rapidstrike_fps/node_modules/@mediapipe/tasks-vision/vision_bundle_mjs.js.map' file: Error: ENOENT: no such file or directory, open '/home/kavia/workspace/code-generation/rapidstrike-immersive-fps-24317-a23bcf2d/rapidstrike_fps/node_modules/@mediapipe/tasks-vision/vision_bundle_mjs.js.map'

WARNING in [eslint] 
src/FPSCanvas.js
  Line 12:19:  'gl' is assigned a value but never used  no-unused-vars

ERROR in [eslint] 
src/FPSCanvas.js
  Line 153:10:  'Environment' is not defined  react/jsx-no-undef

Search for the keywords to learn more about each error.

webpack compiled with 1 error and 2 warnings
Compiling...
Compiled with warnings.

Failed to parse source map from '/home/kavia/workspace/code-generation/rapidstrike-immersive-fps-24317-a23bcf2d/rapidstrike_fps/node_modules/@mediapipe/tasks-vision/vision_bundle_mjs.js.map' file: Error: ENOENT: no such file or directory, open '/home/kavia/workspace/code-generation/rapidstrike-immersive-fps-24317-a23bcf2d/rapidstrike_fps/node_modules/@mediapipe/tasks-vision/vision_bundle_mjs.js.map'

[eslint] 
src/FPSCanvas.js
  Line 12:19:  'gl' is assigned a value but never used  no-unused-vars

Search for the keywords to learn more about each warning.
To ignore, add // eslint-disable-next-line to the line before.

WARNING in ./node_modules/@mediapipe/tasks-vision/vision_bundle.mjs
Module Warning (from ./node_modules/source-map-loader/dist/cjs.js):
Failed to parse source map from '/home/kavia/workspace/code-generation/rapidstrike-immersive-fps-24317-a23bcf2d/rapidstrike_fps/node_modules/@mediapipe/tasks-vision/vision_bundle_mjs.js.map' file: Error: ENOENT: no such file or directory, open '/home/kavia/workspace/code-generation/rapidstrike-immersive-fps-24317-a23bcf2d/rapidstrike_fps/node_modules/@mediapipe/tasks-vision/vision_bundle_mjs.js.map'

WARNING in [eslint] 
src/FPSCanvas.js
  Line 12:19:  'gl' is assigned a value but never used  no-unused-vars

webpack compiled with 2 warnings
Failed to compile.

Error: ENOENT: no such file or directory, open '/home/kavia/workspace/code-generation/rapidstrike-immersive-fps-24317-a23bcf2d/rapidstrike_fps/node_modules/@react-three/drei/index.js'
WARNING in [eslint] 
src/FPSCanvas.js
  Line 12:19:  'gl' is assigned a value but never used  no-unused-vars

ERROR in ./node_modules/@react-three/drei/index.js
Module build failed (from ./node_modules/source-map-loader/dist/cjs.js):
Error: ENOENT: no such file or directory, open '/home/kavia/workspace/code-generation/rapidstrike-immersive-fps-24317-a23bcf2d/rapidstrike_fps/node_modules/@react-three/drei/index.js'

ERROR in ./node_modules/@react-three/fiber/dist/react-three-fiber.esm.js
Module build failed (from ./node_modules/source-map-loader/dist/cjs.js):
Error: ENOENT: no such file or directory, open '/home/kavia/workspace/code-generation/rapidstrike-immersive-fps-24317-a23bcf2d/rapidstrike_fps/node_modules/@react-three/fiber/dist/react-three-fiber.esm.js'

webpack compiled with 2 errors and 1 warning
Failed to compile.

Error: ENOENT: no such file or directory, open '/home/kavia/workspace/code-generation/rapidstrike-immersive-fps-24317-a23bcf2d/rapidstrike_fps/node_modules/@react-three/drei/index.js'
WARNING in [eslint] 
src/FPSCanvas.js
  Line 12:19:  'gl' is assigned a value but never used  no-unused-vars

ERROR in ./node_modules/@react-three/drei/index.js
Module build failed (from ./node_modules/source-map-loader/dist/cjs.js):
Error: ENOENT: no such file or directory, open '/home/kavia/workspace/code-generation/rapidstrike-immersive-fps-24317-a23bcf2d/rapidstrike_fps/node_modules/@react-three/drei/index.js'

ERROR in ./node_modules/@react-three/fiber/dist/react-three-fiber.esm.js
Module build failed (from ./node_modules/source-map-loader/dist/cjs.js):
Error: ENOENT: no such file or directory, open '/home/kavia/workspace/code-generation/rapidstrike-immersive-fps-24317-a23bcf2d/rapidstrike_fps/node_modules/@react-three/fiber/dist/react-three-fiber.esm.js'

webpack compiled with 2 errors and 1 warning
Compiling...
Failed to compile.

Error: ENOENT: no such file or directory, open '/home/kavia/workspace/code-generation/rapidstrike-immersive-fps-24317-a23bcf2d/rapidstrike_fps/node_modules/@react-three/drei/index.js'
WARNING in [eslint] 
src/FPSCanvas.js
  Line 12:19:  'gl' is assigned a value but never used  no-unused-vars

ERROR in ./node_modules/@react-three/drei/index.js
Module build failed (from ./node_modules/source-map-loader/dist/cjs.js):
Error: ENOENT: no such file or directory, open '/home/kavia/workspace/code-generation/rapidstrike-immersive-fps-24317-a23bcf2d/rapidstrike_fps/node_modules/@react-three/drei/index.js'

ERROR in ./node_modules/@react-three/fiber/dist/react-three-fiber.esm.js
Module build failed (from ./node_modules/source-map-loader/dist/cjs.js):
Error: ENOENT: no such file or directory, open '/home/kavia/workspace/code-generation/rapidstrike-immersive-fps-24317-a23bcf2d/rapidstrike_fps/node_modules/@react-three/fiber/dist/react-three-fiber.esm.js'

webpack compiled with 2 errors and 1 warning
Compiling...
Failed to compile.

Error: ENOENT: no such file or directory, open '/home/kavia/workspace/code-generation/rapidstrike-immersive-fps-24317-a23bcf2d/rapidstrike_fps/node_modules/@react-three/drei/index.js'
WARNING in [eslint] 
src/FPSCanvas.js
  Line 12:19:  'gl' is assigned a value but never used  no-unused-vars

ERROR in ./node_modules/@react-three/drei/index.js
Module build failed (from ./node_modules/source-map-loader/dist/cjs.js):
Error: ENOENT: no such file or directory, open '/home/kavia/workspace/code-generation/rapidstrike-immersive-fps-24317-a23bcf2d/rapidstrike_fps/node_modules/@react-three/drei/index.js'

webpack compiled with 1 error and 1 warning
Compiling...
Failed to compile.

Attempted import error: 'LinearEncoding' is not exported from 'three' (imported as 'THREE').
WARNING in ./node_modules/@mediapipe/tasks-vision/vision_bundle.mjs
Module Warning (from ./node_modules/source-map-loader/dist/cjs.js):
Failed to parse source map from '/home/kavia/workspace/code-generation/rapidstrike-immersive-fps-24317-a23bcf2d/rapidstrike_fps/node_modules/@mediapipe/tasks-vision/vision_bundle_mjs.js.map' file: Error: ENOENT: no such file or directory, open '/home/kavia/workspace/code-generation/rapidstrike-immersive-fps-24317-a23bcf2d/rapidstrike_fps/node_modules/@mediapipe/tasks-vision/vision_bundle_mjs.js.map'

WARNING in [eslint] 
src/FPSCanvas.js
  Line 12:19:  'gl' is assigned a value but never used  no-unused-vars

ERROR in ./node_modules/@react-three/drei/core/Caustics.js 186:12-32
export 'LinearEncoding' (imported as 'THREE') was not found in 'three' (possible exports: ACESFilmicToneMapping, AddEquation, AddOperation, AdditiveAnimationBlendMode, AdditiveBlending, AgXToneMapping, AlphaFormat, AlwaysCompare, AlwaysDepth, AlwaysStencilFunc, AmbientLight, AnimationAction, AnimationClip, AnimationLoader, AnimationMixer, AnimationObjectGroup, AnimationUtils, ArcCurve, ArrayCamera, ArrowHelper, AttachedBindMode, Audio, AudioAnalyser, AudioContext, AudioListener, AudioLoader, AxesHelper, BackSide, BasicDepthPacking, BasicShadowMap, BatchedMesh, Bone, BooleanKeyframeTrack, Box2, Box3, Box3Helper, BoxGeometry, BoxHelper, BufferAttribute, BufferGeometry, BufferGeometryLoader, ByteType, Cache, Camera, CameraHelper, CanvasTexture, CapsuleGeometry, CatmullRomCurve3, CineonToneMapping, CircleGeometry, ClampToEdgeWrapping, Clock, Color, ColorKeyframeTrack, ColorManagement, CompressedArrayTexture, CompressedCubeTexture, CompressedTexture, CompressedTextureLoader, ConeGeometry, ConstantAlphaFactor, ConstantColorFactor, Controls, CubeCamera, CubeReflectionMapping, CubeRefractionMapping, CubeTexture, CubeTextureLoader, CubeUVReflectionMapping, CubicBezierCurve, CubicBezierCurve3, CubicInterpolant, CullFaceBack, CullFaceFront, CullFaceFrontBack, CullFaceNone, Curve, CurvePath, CustomBlending, CustomToneMapping, CylinderGeometry, Cylindrical, Data3DTexture, DataArrayTexture, DataTexture, DataTextureLoader, DataUtils, DecrementStencilOp, DecrementWrapStencilOp, DefaultLoadingManager, DepthArrayTexture, DepthFormat, DepthStencilFormat, DepthTexture, DetachedBindMode, DirectionalLight, DirectionalLightHelper, DiscreteInterpolant, DodecahedronGeometry, DoubleSide, DstAlphaFactor, DstColorFactor, DynamicCopyUsage, DynamicDrawUsage, DynamicReadUsage, EdgesGeometry, EllipseCurve, EqualCompare, EqualDepth, EqualStencilFunc, EquirectangularReflectionMapping, EquirectangularRefractionMapping, Euler, EventDispatcher, ExtrudeGeometry, FileLoader, Float16BufferAttribute, Float32BufferAttribute, FloatType, Fog, FogExp2, FramebufferTexture, FrontSide, Frustum, FrustumArray, GLBufferAttribute, GLSL1, GLSL3, GreaterCompare, GreaterDepth, GreaterEqualCompare, GreaterEqualDepth, GreaterEqualStencilFunc, GreaterStencilFunc, GridHelper, Group, HalfFloatType, HemisphereLight, HemisphereLightHelper, IcosahedronGeometry, ImageBitmapLoader, ImageLoader, ImageUtils, IncrementStencilOp, IncrementWrapStencilOp, InstancedBufferAttribute, InstancedBufferGeometry, InstancedInterleavedBuffer, InstancedMesh, Int16BufferAttribute, Int32BufferAttribute, Int8BufferAttribute, IntType, InterleavedBuffer, InterleavedBufferAttribute, Interpolant, InterpolateDiscrete, InterpolateLinear, InterpolateSmooth, InterpolationSamplingMode, InterpolationSamplingType, InvertStencilOp, KeepStencilOp, KeyframeTrack, LOD, LatheGeometry, Layers, LessCompare, LessDepth, LessEqualCompare, LessEqualDepth, LessEqualStencilFunc, LessStencilFunc, Light, LightProbe, Line, Line3, LineBasicMaterial, LineCurve, LineCurve3, LineDashedMaterial, LineLoop, LineSegments, LinearFilter, LinearInterpolant, LinearMipMapLinearFilter, LinearMipMapNearestFilter, LinearMipmapLinearFilter, LinearMipmapNearestFilter, LinearSRGBColorSpace, LinearToneMapping, LinearTransfer, Loader, LoaderUtils, LoadingManager, LoopOnce, LoopPingPong, LoopRepeat, MOUSE, Material, MaterialLoader, MathUtils, Matrix2, Matrix3, Matrix4, MaxEquation, Mesh, MeshBasicMaterial, MeshDepthMaterial, MeshDistanceMaterial, MeshLambertMaterial, MeshMatcapMaterial, MeshNormalMaterial, MeshPhongMaterial, MeshPhysicalMaterial, MeshStandardMaterial, MeshToonMaterial, MinEquation, MirroredRepeatWrapping, MixOperation, MultiplyBlending, MultiplyOperation, NearestFilter, NearestMipMapLinearFilter, NearestMipMapNearestFilter, NearestMipmapLinearFilter, NearestMipmapNearestFilter, NeutralToneMapping, NeverCompare, NeverDepth, NeverStencilFunc, NoBlending, NoColorSpace, NoToneMapping, NormalAnimationBlendMode, NormalBlending, NotEqualCompare, NotEqualDepth, NotEqualStencilFunc, NumberKeyframeTrack, Object3D, ObjectLoader, ObjectSpaceNormalMap, OctahedronGeometry, OneFactor, OneMinusConstantAlphaFactor, OneMinusConstantColorFactor, OneMinusDstAlphaFactor, OneMinusDstColorFactor, OneMinusSrcAlphaFactor, OneMinusSrcColorFactor, OrthographicCamera, PCFShadowMap, PCFSoftShadowMap, PMREMGenerator, Path, PerspectiveCamera, Plane, PlaneGeometry, PlaneHelper, PointLight, PointLightHelper, Points, PointsMaterial, PolarGridHelper, PolyhedronGeometry, PositionalAudio, PropertyBinding, PropertyMixer, QuadraticBezierCurve, QuadraticBezierCurve3, Quaternion, QuaternionKeyframeTrack, QuaternionLinearInterpolant, RED_GREEN_RGTC2_Format, RED_RGTC1_Format, REVISION, RGBADepthPacking, RGBAFormat, RGBAIntegerFormat, RGBA_ASTC_10x10_Format, RGBA_ASTC_10x5_Format, RGBA_ASTC_10x6_Format, RGBA_ASTC_10x8_Format, RGBA_ASTC_12x10_Format, RGBA_ASTC_12x12_Format, RGBA_ASTC_4x4_Format, RGBA_ASTC_5x4_Format, RGBA_ASTC_5x5_Format, RGBA_ASTC_6x5_Format, RGBA_ASTC_6x6_Format, RGBA_ASTC_8x5_Format, RGBA_ASTC_8x6_Format, RGBA_ASTC_8x8_Format, RGBA_BPTC_Format, RGBA_ETC2_EAC_Format, RGBA_PVRTC_2BPPV1_Format, RGBA_PVRTC_4BPPV1_Format, RGBA_S3TC_DXT1_Format, RGBA_S3TC_DXT3_Format, RGBA_S3TC_DXT5_Format, RGBDepthPacking, RGBFormat, RGBIntegerFormat, RGB_BPTC_SIGNED_Format, RGB_BPTC_UNSIGNED_Format, RGB_ETC1_Format, RGB_ETC2_Format, RGB_PVRTC_2BPPV1_Format, RGB_PVRTC_4BPPV1_Format, RGB_S3TC_DXT1_Format, RGDepthPacking, RGFormat, RGIntegerFormat, RawShaderMaterial, Ray, Raycaster, RectAreaLight, RedFormat, RedIntegerFormat, ReinhardToneMapping, RenderTarget, RenderTarget3D, RenderTargetArray, RepeatWrapping, ReplaceStencilOp, ReverseSubtractEquation, RingGeometry, SIGNED_RED_GREEN_RGTC2_Format, SIGNED_RED_RGTC1_Format, SRGBColorSpace, SRGBTransfer, Scene, ShaderChunk, ShaderLib, ShaderMaterial, ShadowMaterial, Shape, ShapeGeometry, ShapePath, ShapeUtils, ShortType, Skeleton, SkeletonHelper, SkinnedMesh, Source, Sphere, SphereGeometry, Spherical, SphericalHarmonics3, SplineCurve, SpotLight, SpotLightHelper, Sprite, SpriteMaterial, SrcAlphaFactor, SrcAlphaSaturateFactor, SrcColorFactor, StaticCopyUsage, StaticDrawUsage, StaticReadUsage, StereoCamera, StreamCopyUsage, StreamDrawUsage, StreamReadUsage, StringKeyframeTrack, SubtractEquation, SubtractiveBlending, TOUCH, TangentSpaceNormalMap, TetrahedronGeometry, Texture, TextureLoader, TextureUtils, TimestampQuery, TorusGeometry, TorusKnotGeometry, Triangle, TriangleFanDrawMode, TriangleStripDrawMode, TrianglesDrawMode, TubeGeometry, UVMapping, Uint16BufferAttribute, Uint32BufferAttribute, Uint8BufferAttribute, Uint8ClampedBufferAttribute, Uniform, UniformsGroup, UniformsLib, UniformsUtils, UnsignedByteType, UnsignedInt248Type, UnsignedInt5999Type, UnsignedIntType, UnsignedShort4444Type, UnsignedShort5551Type, UnsignedShortType, VSMShadowMap, Vector2, Vector3, Vector4, VectorKeyframeTrack, VideoFrameTexture, VideoTexture, WebGL3DRenderTarget, WebGLArrayRenderTarget, WebGLCoordinateSystem, WebGLCubeRenderTarget, WebGLRenderTarget, WebGLRenderer, WebGLUtils, WebGPUCoordinateSystem, WebXRController, WireframeGeometry, WrapAroundEnding, ZeroCurvatureEnding, ZeroFactor, ZeroSlopeEnding, ZeroStencilOp, createCanvasElement)

ERROR in ./node_modules/@react-three/drei/core/Caustics.js 192:12-32
export 'LinearEncoding' (imported as 'THREE') was not found in 'three' (possible exports: ACESFilmicToneMapping, AddEquation, AddOperation, AdditiveAnimationBlendMode, AdditiveBlending, AgXToneMapping, AlphaFormat, AlwaysCompare, AlwaysDepth, AlwaysStencilFunc, AmbientLight, AnimationAction, AnimationClip, AnimationLoader, AnimationMixer, AnimationObjectGroup, AnimationUtils, ArcCurve, ArrayCamera, ArrowHelper, AttachedBindMode, Audio, AudioAnalyser, AudioContext, AudioListener, AudioLoader, AxesHelper, BackSide, BasicDepthPacking, BasicShadowMap, BatchedMesh, Bone, BooleanKeyframeTrack, Box2, Box3, Box3Helper, BoxGeometry, BoxHelper, BufferAttribute, BufferGeometry, BufferGeometryLoader, ByteType, Cache, Camera, CameraHelper, CanvasTexture, CapsuleGeometry, CatmullRomCurve3, CineonToneMapping, CircleGeometry, ClampToEdgeWrapping, Clock, Color, ColorKeyframeTrack, ColorManagement, CompressedArrayTexture, CompressedCubeTexture, CompressedTexture, CompressedTextureLoader, ConeGeometry, ConstantAlphaFactor, ConstantColorFactor, Controls, CubeCamera, CubeReflectionMapping, CubeRefractionMapping, CubeTexture, CubeTextureLoader, CubeUVReflectionMapping, CubicBezierCurve, CubicBezierCurve3, CubicInterpolant, CullFaceBack, CullFaceFront, CullFaceFrontBack, CullFaceNone, Curve, CurvePath, CustomBlending, CustomToneMapping, CylinderGeometry, Cylindrical, Data3DTexture, DataArrayTexture, DataTexture, DataTextureLoader, DataUtils, DecrementStencilOp, DecrementWrapStencilOp, DefaultLoadingManager, DepthArrayTexture, DepthFormat, DepthStencilFormat, DepthTexture, DetachedBindMode, DirectionalLight, DirectionalLightHelper, DiscreteInterpolant, DodecahedronGeometry, DoubleSide, DstAlphaFactor, DstColorFactor, DynamicCopyUsage, DynamicDrawUsage, DynamicReadUsage, EdgesGeometry, EllipseCurve, EqualCompare, EqualDepth, EqualStencilFunc, EquirectangularReflectionMapping, EquirectangularRefractionMapping, Euler, EventDispatcher, ExtrudeGeometry, FileLoader, Float16BufferAttribute, Float32BufferAttribute, FloatType, Fog, FogExp2, FramebufferTexture, FrontSide, Frustum, FrustumArray, GLBufferAttribute, GLSL1, GLSL3, GreaterCompare, GreaterDepth, GreaterEqualCompare, GreaterEqualDepth, GreaterEqualStencilFunc, GreaterStencilFunc, GridHelper, Group, HalfFloatType, HemisphereLight, HemisphereLightHelper, IcosahedronGeometry, ImageBitmapLoader, ImageLoader, ImageUtils, IncrementStencilOp, IncrementWrapStencilOp, InstancedBufferAttribute, InstancedBufferGeometry, InstancedInterleavedBuffer, InstancedMesh, Int16BufferAttribute, Int32BufferAttribute, Int8BufferAttribute, IntType, InterleavedBuffer, InterleavedBufferAttribute, Interpolant, InterpolateDiscrete, InterpolateLinear, InterpolateSmooth, InterpolationSamplingMode, InterpolationSamplingType, InvertStencilOp, KeepStencilOp, KeyframeTrack, LOD, LatheGeometry, Layers, LessCompare, LessDepth, LessEqualCompare, LessEqualDepth, LessEqualStencilFunc, LessStencilFunc, Light, LightProbe, Line, Line3, LineBasicMaterial, LineCurve, LineCurve3, LineDashedMaterial, LineLoop, LineSegments, LinearFilter, LinearInterpolant, LinearMipMapLinearFilter, LinearMipMapNearestFilter, LinearMipmapLinearFilter, LinearMipmapNearestFilter, LinearSRGBColorSpace, LinearToneMapping, LinearTransfer, Loader, LoaderUtils, LoadingManager, LoopOnce, LoopPingPong, LoopRepeat, MOUSE, Material, MaterialLoader, MathUtils, Matrix2, Matrix3, Matrix4, MaxEquation, Mesh, MeshBasicMaterial, MeshDepthMaterial, MeshDistanceMaterial, MeshLambertMaterial, MeshMatcapMaterial, MeshNormalMaterial, MeshPhongMaterial, MeshPhysicalMaterial, MeshStandardMaterial, MeshToonMaterial, MinEquation, MirroredRepeatWrapping, MixOperation, MultiplyBlending, MultiplyOperation, NearestFilter, NearestMipMapLinearFilter, NearestMipMapNearestFilter, NearestMipmapLinearFilter, NearestMipmapNearestFilter, NeutralToneMapping, NeverCompare, NeverDepth, NeverStencilFunc, NoBlending, NoColorSpace, NoToneMapping, NormalAnimationBlendMode, NormalBlending, NotEqualCompare, NotEqualDepth, NotEqualStencilFunc, NumberKeyframeTrack, Object3D, ObjectLoader, ObjectSpaceNormalMap, OctahedronGeometry, OneFactor, OneMinusConstantAlphaFactor, OneMinusConstantColorFactor, OneMinusDstAlphaFactor, OneMinusDstColorFactor, OneMinusSrcAlphaFactor, OneMinusSrcColorFactor, OrthographicCamera, PCFShadowMap, PCFSoftShadowMap, PMREMGenerator, Path, PerspectiveCamera, Plane, PlaneGeometry, PlaneHelper, PointLight, PointLightHelper, Points, PointsMaterial, PolarGridHelper, PolyhedronGeometry, PositionalAudio, PropertyBinding, PropertyMixer, QuadraticBezierCurve, QuadraticBezierCurve3, Quaternion, QuaternionKeyframeTrack, QuaternionLinearInterpolant, RED_GREEN_RGTC2_Format, RED_RGTC1_Format, REVISION, RGBADepthPacking, RGBAFormat, RGBAIntegerFormat, RGBA_ASTC_10x10_Format, RGBA_ASTC_10x5_Format, RGBA_ASTC_10x6_Format, RGBA_ASTC_10x8_Format, RGBA_ASTC_12x10_Format, RGBA_ASTC_12x12_Format, RGBA_ASTC_4x4_Format, RGBA_ASTC_5x4_Format, RGBA_ASTC_5x5_Format, RGBA_ASTC_6x5_Format, RGBA_ASTC_6x6_Format, RGBA_ASTC_8x5_Format, RGBA_ASTC_8x6_Format, RGBA_ASTC_8x8_Format, RGBA_BPTC_Format, RGBA_ETC2_EAC_Format, RGBA_PVRTC_2BPPV1_Format, RGBA_PVRTC_4BPPV1_Format, RGBA_S3TC_DXT1_Format, RGBA_S3TC_DXT3_Format, RGBA_S3TC_DXT5_Format, RGBDepthPacking, RGBFormat, RGBIntegerFormat, RGB_BPTC_SIGNED_Format, RGB_BPTC_UNSIGNED_Format, RGB_ETC1_Format, RGB_ETC2_Format, RGB_PVRTC_2BPPV1_Format, RGB_PVRTC_4BPPV1_Format, RGB_S3TC_DXT1_Format, RGDepthPacking, RGFormat, RGIntegerFormat, RawShaderMaterial, Ray, Raycaster, RectAreaLight, RedFormat, RedIntegerFormat, ReinhardToneMapping, RenderTarget, RenderTarget3D, RenderTargetArray, RepeatWrapping, ReplaceStencilOp, ReverseSubtractEquation, RingGeometry, SIGNED_RED_GREEN_RGTC2_Format, SIGNED_RED_RGTC1_Format, SRGBColorSpace, SRGBTransfer, Scene, ShaderChunk, ShaderLib, ShaderMaterial, ShadowMaterial, Shape, ShapeGeometry, ShapePath, ShapeUtils, ShortType, Skeleton, SkeletonHelper, SkinnedMesh, Source, Sphere, SphereGeometry, Spherical, SphericalHarmonics3, SplineCurve, SpotLight, SpotLightHelper, Sprite, SpriteMaterial, SrcAlphaFactor, SrcAlphaSaturateFactor, SrcColorFactor, StaticCopyUsage, StaticDrawUsage, StaticReadUsage, StereoCamera, StreamCopyUsage, StreamDrawUsage, StreamReadUsage, StringKeyframeTrack, SubtractEquation, SubtractiveBlending, TOUCH, TangentSpaceNormalMap, TetrahedronGeometry, Texture, TextureLoader, TextureUtils, TimestampQuery, TorusGeometry, TorusKnotGeometry, Triangle, TriangleFanDrawMode, TriangleStripDrawMode, TrianglesDrawMode, TubeGeometry, UVMapping, Uint16BufferAttribute, Uint32BufferAttribute, Uint8BufferAttribute, Uint8ClampedBufferAttribute, Uniform, UniformsGroup, UniformsLib, UniformsUtils, UnsignedByteType, UnsignedInt248Type, UnsignedInt5999Type, UnsignedIntType, UnsignedShort4444Type, UnsignedShort5551Type, UnsignedShortType, VSMShadowMap, Vector2, Vector3, Vector4, VectorKeyframeTrack, VideoFrameTexture, VideoTexture, WebGL3DRenderTarget, WebGLArrayRenderTarget, WebGLCoordinateSystem, WebGLCubeRenderTarget, WebGLRenderTarget, WebGLRenderer, WebGLUtils, WebGPUCoordinateSystem, WebXRController, WireframeGeometry, WrapAroundEnding, ZeroCurvatureEnding, ZeroFactor, ZeroSlopeEnding, ZeroStencilOp, createCanvasElement)

ERROR in ./node_modules/@react-three/drei/core/SpotLight.js 97:14-28
export 'LinearEncoding' (imported as 'LinearEncoding') was not found in 'three' (possible exports: ACESFilmicToneMapping, AddEquation, AddOperation, AdditiveAnimationBlendMode, AdditiveBlending, AgXToneMapping, AlphaFormat, AlwaysCompare, AlwaysDepth, AlwaysStencilFunc, AmbientLight, AnimationAction, AnimationClip, AnimationLoader, AnimationMixer, AnimationObjectGroup, AnimationUtils, ArcCurve, ArrayCamera, ArrowHelper, AttachedBindMode, Audio, AudioAnalyser, AudioContext, AudioListener, AudioLoader, AxesHelper, BackSide, BasicDepthPacking, BasicShadowMap, BatchedMesh, Bone, BooleanKeyframeTrack, Box2, Box3, Box3Helper, BoxGeometry, BoxHelper, BufferAttribute, BufferGeometry, BufferGeometryLoader, ByteType, Cache, Camera, CameraHelper, CanvasTexture, CapsuleGeometry, CatmullRomCurve3, CineonToneMapping, CircleGeometry, ClampToEdgeWrapping, Clock, Color, ColorKeyframeTrack, ColorManagement, CompressedArrayTexture, CompressedCubeTexture, CompressedTexture, CompressedTextureLoader, ConeGeometry, ConstantAlphaFactor, ConstantColorFactor, Controls, CubeCamera, CubeReflectionMapping, CubeRefractionMapping, CubeTexture, CubeTextureLoader, CubeUVReflectionMapping, CubicBezierCurve, CubicBezierCurve3, CubicInterpolant, CullFaceBack, CullFaceFront, CullFaceFrontBack, CullFaceNone, Curve, CurvePath, CustomBlending, CustomToneMapping, CylinderGeometry, Cylindrical, Data3DTexture, DataArrayTexture, DataTexture, DataTextureLoader, DataUtils, DecrementStencilOp, DecrementWrapStencilOp, DefaultLoadingManager, DepthArrayTexture, DepthFormat, DepthStencilFormat, DepthTexture, DetachedBindMode, DirectionalLight, DirectionalLightHelper, DiscreteInterpolant, DodecahedronGeometry, DoubleSide, DstAlphaFactor, DstColorFactor, DynamicCopyUsage, DynamicDrawUsage, DynamicReadUsage, EdgesGeometry, EllipseCurve, EqualCompare, EqualDepth, EqualStencilFunc, EquirectangularReflectionMapping, EquirectangularRefractionMapping, Euler, EventDispatcher, ExtrudeGeometry, FileLoader, Float16BufferAttribute, Float32BufferAttribute, FloatType, Fog, FogExp2, FramebufferTexture, FrontSide, Frustum, FrustumArray, GLBufferAttribute, GLSL1, GLSL3, GreaterCompare, GreaterDepth, GreaterEqualCompare, GreaterEqualDepth, GreaterEqualStencilFunc, GreaterStencilFunc, GridHelper, Group, HalfFloatType, HemisphereLight, HemisphereLightHelper, IcosahedronGeometry, ImageBitmapLoader, ImageLoader, ImageUtils, IncrementStencilOp, IncrementWrapStencilOp, InstancedBufferAttribute, InstancedBufferGeometry, InstancedInterleavedBuffer, InstancedMesh, Int16BufferAttribute, Int32BufferAttribute, Int8BufferAttribute, IntType, InterleavedBuffer, InterleavedBufferAttribute, Interpolant, InterpolateDiscrete, InterpolateLinear, InterpolateSmooth, InterpolationSamplingMode, InterpolationSamplingType, InvertStencilOp, KeepStencilOp, KeyframeTrack, LOD, LatheGeometry, Layers, LessCompare, LessDepth, LessEqualCompare, LessEqualDepth, LessEqualStencilFunc, LessStencilFunc, Light, LightProbe, Line, Line3, LineBasicMaterial, LineCurve, LineCurve3, LineDashedMaterial, LineLoop, LineSegments, LinearFilter, LinearInterpolant, LinearMipMapLinearFilter, LinearMipMapNearestFilter, LinearMipmapLinearFilter, LinearMipmapNearestFilter, LinearSRGBColorSpace, LinearToneMapping, LinearTransfer, Loader, LoaderUtils, LoadingManager, LoopOnce, LoopPingPong, LoopRepeat, MOUSE, Material, MaterialLoader, MathUtils, Matrix2, Matrix3, Matrix4, MaxEquation, Mesh, MeshBasicMaterial, MeshDepthMaterial, MeshDistanceMaterial, MeshLambertMaterial, MeshMatcapMaterial, MeshNormalMaterial, MeshPhongMaterial, MeshPhysicalMaterial, MeshStandardMaterial, MeshToonMaterial, MinEquation, MirroredRepeatWrapping, MixOperation, MultiplyBlending, MultiplyOperation, NearestFilter, NearestMipMapLinearFilter, NearestMipMapNearestFilter, NearestMipmapLinearFilter, NearestMipmapNearestFilter, NeutralToneMapping, NeverCompare, NeverDepth, NeverStencilFunc, NoBlending, NoColorSpace, NoToneMapping, NormalAnimationBlendMode, NormalBlending, NotEqualCompare, NotEqualDepth, NotEqualStencilFunc, NumberKeyframeTrack, Object3D, ObjectLoader, ObjectSpaceNormalMap, OctahedronGeometry, OneFactor, OneMinusConstantAlphaFactor, OneMinusConstantColorFactor, OneMinusDstAlphaFactor, OneMinusDstColorFactor, OneMinusSrcAlphaFactor, OneMinusSrcColorFactor, OrthographicCamera, PCFShadowMap, PCFSoftShadowMap, PMREMGenerator, Path, PerspectiveCamera, Plane, PlaneGeometry, PlaneHelper, PointLight, PointLightHelper, Points, PointsMaterial, PolarGridHelper, PolyhedronGeometry, PositionalAudio, PropertyBinding, PropertyMixer, QuadraticBezierCurve, QuadraticBezierCurve3, Quaternion, QuaternionKeyframeTrack, QuaternionLinearInterpolant, RED_GREEN_RGTC2_Format, RED_RGTC1_Format, REVISION, RGBADepthPacking, RGBAFormat, RGBAIntegerFormat, RGBA_ASTC_10x10_Format, RGBA_ASTC_10x5_Format, RGBA_ASTC_10x6_Format, RGBA_ASTC_10x8_Format, RGBA_ASTC_12x10_Format, RGBA_ASTC_12x12_Format, RGBA_ASTC_4x4_Format, RGBA_ASTC_5x4_Format, RGBA_ASTC_5x5_Format, RGBA_ASTC_6x5_Format, RGBA_ASTC_6x6_Format, RGBA_ASTC_8x5_Format, RGBA_ASTC_8x6_Format, RGBA_ASTC_8x8_Format, RGBA_BPTC_Format, RGBA_ETC2_EAC_Format, RGBA_PVRTC_2BPPV1_Format, RGBA_PVRTC_4BPPV1_Format, RGBA_S3TC_DXT1_Format, RGBA_S3TC_DXT3_Format, RGBA_S3TC_DXT5_Format, RGBDepthPacking, RGBFormat, RGBIntegerFormat, RGB_BPTC_SIGNED_Format, RGB_BPTC_UNSIGNED_Format, RGB_ETC1_Format, RGB_ETC2_Format, RGB_PVRTC_2BPPV1_Format, RGB_PVRTC_4BPPV1_Format, RGB_S3TC_DXT1_Format, RGDepthPacking, RGFormat, RGIntegerFormat, RawShaderMaterial, Ray, Raycaster, RectAreaLight, RedFormat, RedIntegerFormat, ReinhardToneMapping, RenderTarget, RenderTarget3D, RenderTargetArray, RepeatWrapping, ReplaceStencilOp, ReverseSubtractEquation, RingGeometry, SIGNED_RED_GREEN_RGTC2_Format, SIGNED_RED_RGTC1_Format, SRGBColorSpace, SRGBTransfer, Scene, ShaderChunk, ShaderLib, ShaderMaterial, ShadowMaterial, Shape, ShapeGeometry, ShapePath, ShapeUtils, ShortType, Skeleton, SkeletonHelper, SkinnedMesh, Source, Sphere, SphereGeometry, Spherical, SphericalHarmonics3, SplineCurve, SpotLight, SpotLightHelper, Sprite, SpriteMaterial, SrcAlphaFactor, SrcAlphaSaturateFactor, SrcColorFactor, StaticCopyUsage, StaticDrawUsage, StaticReadUsage, StereoCamera, StreamCopyUsage, StreamDrawUsage, StreamReadUsage, StringKeyframeTrack, SubtractEquation, SubtractiveBlending, TOUCH, TangentSpaceNormalMap, TetrahedronGeometry, Texture, TextureLoader, TextureUtils, TimestampQuery, TorusGeometry, TorusKnotGeometry, Triangle, TriangleFanDrawMode, TriangleStripDrawMode, TrianglesDrawMode, TubeGeometry, UVMapping, Uint16BufferAttribute, Uint32BufferAttribute, Uint8BufferAttribute, Uint8ClampedBufferAttribute, Uniform, UniformsGroup, UniformsLib, UniformsUtils, UnsignedByteType, UnsignedInt248Type, UnsignedInt5999Type, UnsignedIntType, UnsignedShort4444Type, UnsignedShort5551Type, UnsignedShortType, VSMShadowMap, Vector2, Vector3, Vector4, VectorKeyframeTrack, VideoFrameTexture, VideoTexture, WebGL3DRenderTarget, WebGLArrayRenderTarget, WebGLCoordinateSystem, WebGLCubeRenderTarget, WebGLRenderTarget, WebGLRenderer, WebGLUtils, WebGPUCoordinateSystem, WebXRController, WireframeGeometry, WrapAroundEnding, ZeroCurvatureEnding, ZeroFactor, ZeroSlopeEnding, ZeroStencilOp, createCanvasElement)

ERROR in ./node_modules/three-stdlib/node_modules/fflate/esm/browser.js
Module build failed (from ./node_modules/source-map-loader/dist/cjs.js):
Error: ENOENT: no such file or directory, open '/home/kavia/workspace/code-generation/rapidstrike-immersive-fps-24317-a23bcf2d/rapidstrike_fps/node_modules/three-stdlib/node_modules/fflate/esm/browser.js'

webpack compiled with 4 errors and 2 warnings
Failed to compile.

Attempted import error: 'LinearEncoding' is not exported from 'three' (imported as 'THREE').
WARNING in ./node_modules/@mediapipe/tasks-vision/vision_bundle.mjs
Module Warning (from ./node_modules/source-map-loader/dist/cjs.js):
Failed to parse source map from '/home/kavia/workspace/code-generation/rapidstrike-immersive-fps-24317-a23bcf2d/rapidstrike_fps/node_modules/@mediapipe/tasks-vision/vision_bundle_mjs.js.map' file: Error: ENOENT: no such file or directory, open '/home/kavia/workspace/code-generation/rapidstrike-immersive-fps-24317-a23bcf2d/rapidstrike_fps/node_modules/@mediapipe/tasks-vision/vision_bundle_mjs.js.map'

WARNING in [eslint] 
src/FPSCanvas.js
  Line 12:19:  'gl' is assigned a value but never used  no-unused-vars

ERROR in ./node_modules/@react-three/drei/core/Caustics.js 186:12-32
export 'LinearEncoding' (imported as 'THREE') was not found in 'three' (possible exports: ACESFilmicToneMapping, AddEquation, AddOperation, AdditiveAnimationBlendMode, AdditiveBlending, AgXToneMapping, AlphaFormat, AlwaysCompare, AlwaysDepth, AlwaysStencilFunc, AmbientLight, AnimationAction, AnimationClip, AnimationLoader, AnimationMixer, AnimationObjectGroup, AnimationUtils, ArcCurve, ArrayCamera, ArrowHelper, AttachedBindMode, Audio, AudioAnalyser, AudioContext, AudioListener, AudioLoader, AxesHelper, BackSide, BasicDepthPacking, BasicShadowMap, BatchedMesh, Bone, BooleanKeyframeTrack, Box2, Box3, Box3Helper, BoxGeometry, BoxHelper, BufferAttribute, BufferGeometry, BufferGeometryLoader, ByteType, Cache, Camera, CameraHelper, CanvasTexture, CapsuleGeometry, CatmullRomCurve3, CineonToneMapping, CircleGeometry, ClampToEdgeWrapping, Clock, Color, ColorKeyframeTrack, ColorManagement, CompressedArrayTexture, CompressedCubeTexture, CompressedTexture, CompressedTextureLoader, ConeGeometry, ConstantAlphaFactor, ConstantColorFactor, Controls, CubeCamera, CubeReflectionMapping, CubeRefractionMapping, CubeTexture, CubeTextureLoader, CubeUVReflectionMapping, CubicBezierCurve, CubicBezierCurve3, CubicInterpolant, CullFaceBack, CullFaceFront, CullFaceFrontBack, CullFaceNone, Curve, CurvePath, CustomBlending, CustomToneMapping, CylinderGeometry, Cylindrical, Data3DTexture, DataArrayTexture, DataTexture, DataTextureLoader, DataUtils, DecrementStencilOp, DecrementWrapStencilOp, DefaultLoadingManager, DepthArrayTexture, DepthFormat, DepthStencilFormat, DepthTexture, DetachedBindMode, DirectionalLight, DirectionalLightHelper, DiscreteInterpolant, DodecahedronGeometry, DoubleSide, DstAlphaFactor, DstColorFactor, DynamicCopyUsage, DynamicDrawUsage, DynamicReadUsage, EdgesGeometry, EllipseCurve, EqualCompare, EqualDepth, EqualStencilFunc, EquirectangularReflectionMapping, EquirectangularRefractionMapping, Euler, EventDispatcher, ExtrudeGeometry, FileLoader, Float16BufferAttribute, Float32BufferAttribute, FloatType, Fog, FogExp2, FramebufferTexture, FrontSide, Frustum, FrustumArray, GLBufferAttribute, GLSL1, GLSL3, GreaterCompare, GreaterDepth, GreaterEqualCompare, GreaterEqualDepth, GreaterEqualStencilFunc, GreaterStencilFunc, GridHelper, Group, HalfFloatType, HemisphereLight, HemisphereLightHelper, IcosahedronGeometry, ImageBitmapLoader, ImageLoader, ImageUtils, IncrementStencilOp, IncrementWrapStencilOp, InstancedBufferAttribute, InstancedBufferGeometry, InstancedInterleavedBuffer, InstancedMesh, Int16BufferAttribute, Int32BufferAttribute, Int8BufferAttribute, IntType, InterleavedBuffer, InterleavedBufferAttribute, Interpolant, InterpolateDiscrete, InterpolateLinear, InterpolateSmooth, InterpolationSamplingMode, InterpolationSamplingType, InvertStencilOp, KeepStencilOp, KeyframeTrack, LOD, LatheGeometry, Layers, LessCompare, LessDepth, LessEqualCompare, LessEqualDepth, LessEqualStencilFunc, LessStencilFunc, Light, LightProbe, Line, Line3, LineBasicMaterial, LineCurve, LineCurve3, LineDashedMaterial, LineLoop, LineSegments, LinearFilter, LinearInterpolant, LinearMipMapLinearFilter, LinearMipMapNearestFilter, LinearMipmapLinearFilter, LinearMipmapNearestFilter, LinearSRGBColorSpace, LinearToneMapping, LinearTransfer, Loader, LoaderUtils, LoadingManager, LoopOnce, LoopPingPong, LoopRepeat, MOUSE, Material, MaterialLoader, MathUtils, Matrix2, Matrix3, Matrix4, MaxEquation, Mesh, MeshBasicMaterial, MeshDepthMaterial, MeshDistanceMaterial, MeshLambertMaterial, MeshMatcapMaterial, MeshNormalMaterial, MeshPhongMaterial, MeshPhysicalMaterial, MeshStandardMaterial, MeshToonMaterial, MinEquation, MirroredRepeatWrapping, MixOperation, MultiplyBlending, MultiplyOperation, NearestFilter, NearestMipMapLinearFilter, NearestMipMapNearestFilter, NearestMipmapLinearFilter, NearestMipmapNearestFilter, NeutralToneMapping, NeverCompare, NeverDepth, NeverStencilFunc, NoBlending, NoColorSpace, NoToneMapping, NormalAnimationBlendMode, NormalBlending, NotEqualCompare, NotEqualDepth, NotEqualStencilFunc, NumberKeyframeTrack, Object3D, ObjectLoader, ObjectSpaceNormalMap, OctahedronGeometry, OneFactor, OneMinusConstantAlphaFactor, OneMinusConstantColorFactor, OneMinusDstAlphaFactor, OneMinusDstColorFactor, OneMinusSrcAlphaFactor, OneMinusSrcColorFactor, OrthographicCamera, PCFShadowMap, PCFSoftShadowMap, PMREMGenerator, Path, PerspectiveCamera, Plane, PlaneGeometry, PlaneHelper, PointLight, PointLightHelper, Points, PointsMaterial, PolarGridHelper, PolyhedronGeometry, PositionalAudio, PropertyBinding, PropertyMixer, QuadraticBezierCurve, QuadraticBezierCurve3, Quaternion, QuaternionKeyframeTrack, QuaternionLinearInterpolant, RED_GREEN_RGTC2_Format, RED_RGTC1_Format, REVISION, RGBADepthPacking, RGBAFormat, RGBAIntegerFormat, RGBA_ASTC_10x10_Format, RGBA_ASTC_10x5_Format, RGBA_ASTC_10x6_Format, RGBA_ASTC_10x8_Format, RGBA_ASTC_12x10_Format, RGBA_ASTC_12x12_Format, RGBA_ASTC_4x4_Format, RGBA_ASTC_5x4_Format, RGBA_ASTC_5x5_Format, RGBA_ASTC_6x5_Format, RGBA_ASTC_6x6_Format, RGBA_ASTC_8x5_Format, RGBA_ASTC_8x6_Format, RGBA_ASTC_8x8_Format, RGBA_BPTC_Format, RGBA_ETC2_EAC_Format, RGBA_PVRTC_2BPPV1_Format, RGBA_PVRTC_4BPPV1_Format, RGBA_S3TC_DXT1_Format, RGBA_S3TC_DXT3_Format, RGBA_S3TC_DXT5_Format, RGBDepthPacking, RGBFormat, RGBIntegerFormat, RGB_BPTC_SIGNED_Format, RGB_BPTC_UNSIGNED_Format, RGB_ETC1_Format, RGB_ETC2_Format, RGB_PVRTC_2BPPV1_Format, RGB_PVRTC_4BPPV1_Format, RGB_S3TC_DXT1_Format, RGDepthPacking, RGFormat, RGIntegerFormat, RawShaderMaterial, Ray, Raycaster, RectAreaLight, RedFormat, RedIntegerFormat, ReinhardToneMapping, RenderTarget, RenderTarget3D, RenderTargetArray, RepeatWrapping, ReplaceStencilOp, ReverseSubtractEquation, RingGeometry, SIGNED_RED_GREEN_RGTC2_Format, SIGNED_RED_RGTC1_Format, SRGBColorSpace, SRGBTransfer, Scene, ShaderChunk, ShaderLib, ShaderMaterial, ShadowMaterial, Shape, ShapeGeometry, ShapePath, ShapeUtils, ShortType, Skeleton, SkeletonHelper, SkinnedMesh, Source, Sphere, SphereGeometry, Spherical, SphericalHarmonics3, SplineCurve, SpotLight, SpotLightHelper, Sprite, SpriteMaterial, SrcAlphaFactor, SrcAlphaSaturateFactor, SrcColorFactor, StaticCopyUsage, StaticDrawUsage, StaticReadUsage, StereoCamera, StreamCopyUsage, StreamDrawUsage, StreamReadUsage, StringKeyframeTrack, SubtractEquation, SubtractiveBlending, TOUCH, TangentSpaceNormalMap, TetrahedronGeometry, Texture, TextureLoader, TextureUtils, TimestampQuery, TorusGeometry, TorusKnotGeometry, Triangle, TriangleFanDrawMode, TriangleStripDrawMode, TrianglesDrawMode, TubeGeometry, UVMapping, Uint16BufferAttribute, Uint32BufferAttribute, Uint8BufferAttribute, Uint8ClampedBufferAttribute, Uniform, UniformsGroup, UniformsLib, UniformsUtils, UnsignedByteType, UnsignedInt248Type, UnsignedInt5999Type, UnsignedIntType, UnsignedShort4444Type, UnsignedShort5551Type, UnsignedShortType, VSMShadowMap, Vector2, Vector3, Vector4, VectorKeyframeTrack, VideoFrameTexture, VideoTexture, WebGL3DRenderTarget, WebGLArrayRenderTarget, WebGLCoordinateSystem, WebGLCubeRenderTarget, WebGLRenderTarget, WebGLRenderer, WebGLUtils, WebGPUCoordinateSystem, WebXRController, WireframeGeometry, WrapAroundEnding, ZeroCurvatureEnding, ZeroFactor, ZeroSlopeEnding, ZeroStencilOp, createCanvasElement)

ERROR in ./node_modules/@react-three/drei/core/Caustics.js 192:12-32
export 'LinearEncoding' (imported as 'THREE') was not found in 'three' (possible exports: ACESFilmicToneMapping, AddEquation, AddOperation, AdditiveAnimationBlendMode, AdditiveBlending, AgXToneMapping, AlphaFormat, AlwaysCompare, AlwaysDepth, AlwaysStencilFunc, AmbientLight, AnimationAction, AnimationClip, AnimationLoader, AnimationMixer, AnimationObjectGroup, AnimationUtils, ArcCurve, ArrayCamera, ArrowHelper, AttachedBindMode, Audio, AudioAnalyser, AudioContext, AudioListener, AudioLoader, AxesHelper, BackSide, BasicDepthPacking, BasicShadowMap, BatchedMesh, Bone, BooleanKeyframeTrack, Box2, Box3, Box3Helper, BoxGeometry, BoxHelper, BufferAttribute, BufferGeometry, BufferGeometryLoader, ByteType, Cache, Camera, CameraHelper, CanvasTexture, CapsuleGeometry, CatmullRomCurve3, CineonToneMapping, CircleGeometry, ClampToEdgeWrapping, Clock, Color, ColorKeyframeTrack, ColorManagement, CompressedArrayTexture, CompressedCubeTexture, CompressedTexture, CompressedTextureLoader, ConeGeometry, ConstantAlphaFactor, ConstantColorFactor, Controls, CubeCamera, CubeReflectionMapping, CubeRefractionMapping, CubeTexture, CubeTextureLoader, CubeUVReflectionMapping, CubicBezierCurve, CubicBezierCurve3, CubicInterpolant, CullFaceBack, CullFaceFront, CullFaceFrontBack, CullFaceNone, Curve, CurvePath, CustomBlending, CustomToneMapping, CylinderGeometry, Cylindrical, Data3DTexture, DataArrayTexture, DataTexture, DataTextureLoader, DataUtils, DecrementStencilOp, DecrementWrapStencilOp, DefaultLoadingManager, DepthArrayTexture, DepthFormat, DepthStencilFormat, DepthTexture, DetachedBindMode, DirectionalLight, DirectionalLightHelper, DiscreteInterpolant, DodecahedronGeometry, DoubleSide, DstAlphaFactor, DstColorFactor, DynamicCopyUsage, DynamicDrawUsage, DynamicReadUsage, EdgesGeometry, EllipseCurve, EqualCompare, EqualDepth, EqualStencilFunc, EquirectangularReflectionMapping, EquirectangularRefractionMapping, Euler, EventDispatcher, ExtrudeGeometry, FileLoader, Float16BufferAttribute, Float32BufferAttribute, FloatType, Fog, FogExp2, FramebufferTexture, FrontSide, Frustum, FrustumArray, GLBufferAttribute, GLSL1, GLSL3, GreaterCompare, GreaterDepth, GreaterEqualCompare, GreaterEqualDepth, GreaterEqualStencilFunc, GreaterStencilFunc, GridHelper, Group, HalfFloatType, HemisphereLight, HemisphereLightHelper, IcosahedronGeometry, ImageBitmapLoader, ImageLoader, ImageUtils, IncrementStencilOp, IncrementWrapStencilOp, InstancedBufferAttribute, InstancedBufferGeometry, InstancedInterleavedBuffer, InstancedMesh, Int16BufferAttribute, Int32BufferAttribute, Int8BufferAttribute, IntType, InterleavedBuffer, InterleavedBufferAttribute, Interpolant, InterpolateDiscrete, InterpolateLinear, InterpolateSmooth, InterpolationSamplingMode, InterpolationSamplingType, InvertStencilOp, KeepStencilOp, KeyframeTrack, LOD, LatheGeometry, Layers, LessCompare, LessDepth, LessEqualCompare, LessEqualDepth, LessEqualStencilFunc, LessStencilFunc, Light, LightProbe, Line, Line3, LineBasicMaterial, LineCurve, LineCurve3, LineDashedMaterial, LineLoop, LineSegments, LinearFilter, LinearInterpolant, LinearMipMapLinearFilter, LinearMipMapNearestFilter, LinearMipmapLinearFilter, LinearMipmapNearestFilter, LinearSRGBColorSpace, LinearToneMapping, LinearTransfer, Loader, LoaderUtils, LoadingManager, LoopOnce, LoopPingPong, LoopRepeat, MOUSE, Material, MaterialLoader, MathUtils, Matrix2, Matrix3, Matrix4, MaxEquation, Mesh, MeshBasicMaterial, MeshDepthMaterial, MeshDistanceMaterial, MeshLambertMaterial, MeshMatcapMaterial, MeshNormalMaterial, MeshPhongMaterial, MeshPhysicalMaterial, MeshStandardMaterial, MeshToonMaterial, MinEquation, MirroredRepeatWrapping, MixOperation, MultiplyBlending, MultiplyOperation, NearestFilter, NearestMipMapLinearFilter, NearestMipMapNearestFilter, NearestMipmapLinearFilter, NearestMipmapNearestFilter, NeutralToneMapping, NeverCompare, NeverDepth, NeverStencilFunc, NoBlending, NoColorSpace, NoToneMapping, NormalAnimationBlendMode, NormalBlending, NotEqualCompare, NotEqualDepth, NotEqualStencilFunc, NumberKeyframeTrack, Object3D, ObjectLoader, ObjectSpaceNormalMap, OctahedronGeometry, OneFactor, OneMinusConstantAlphaFactor, OneMinusConstantColorFactor, OneMinusDstAlphaFactor, OneMinusDstColorFactor, OneMinusSrcAlphaFactor, OneMinusSrcColorFactor, OrthographicCamera, PCFShadowMap, PCFSoftShadowMap, PMREMGenerator, Path, PerspectiveCamera, Plane, PlaneGeometry, PlaneHelper, PointLight, PointLightHelper, Points, PointsMaterial, PolarGridHelper, PolyhedronGeometry, PositionalAudio, PropertyBinding, PropertyMixer, QuadraticBezierCurve, QuadraticBezierCurve3, Quaternion, QuaternionKeyframeTrack, QuaternionLinearInterpolant, RED_GREEN_RGTC2_Format, RED_RGTC1_Format, REVISION, RGBADepthPacking, RGBAFormat, RGBAIntegerFormat, RGBA_ASTC_10x10_Format, RGBA_ASTC_10x5_Format, RGBA_ASTC_10x6_Format, RGBA_ASTC_10x8_Format, RGBA_ASTC_12x10_Format, RGBA_ASTC_12x12_Format, RGBA_ASTC_4x4_Format, RGBA_ASTC_5x4_Format, RGBA_ASTC_5x5_Format, RGBA_ASTC_6x5_Format, RGBA_ASTC_6x6_Format, RGBA_ASTC_8x5_Format, RGBA_ASTC_8x6_Format, RGBA_ASTC_8x8_Format, RGBA_BPTC_Format, RGBA_ETC2_EAC_Format, RGBA_PVRTC_2BPPV1_Format, RGBA_PVRTC_4BPPV1_Format, RGBA_S3TC_DXT1_Format, RGBA_S3TC_DXT3_Format, RGBA_S3TC_DXT5_Format, RGBDepthPacking, RGBFormat, RGBIntegerFormat, RGB_BPTC_SIGNED_Format, RGB_BPTC_UNSIGNED_Format, RGB_ETC1_Format, RGB_ETC2_Format, RGB_PVRTC_2BPPV1_Format, RGB_PVRTC_4BPPV1_Format, RGB_S3TC_DXT1_Format, RGDepthPacking, RGFormat, RGIntegerFormat, RawShaderMaterial, Ray, Raycaster, RectAreaLight, RedFormat, RedIntegerFormat, ReinhardToneMapping, RenderTarget, RenderTarget3D, RenderTargetArray, RepeatWrapping, ReplaceStencilOp, ReverseSubtractEquation, RingGeometry, SIGNED_RED_GREEN_RGTC2_Format, SIGNED_RED_RGTC1_Format, SRGBColorSpace, SRGBTransfer, Scene, ShaderChunk, ShaderLib, ShaderMaterial, ShadowMaterial, Shape, ShapeGeometry, ShapePath, ShapeUtils, ShortType, Skeleton, SkeletonHelper, SkinnedMesh, Source, Sphere, SphereGeometry, Spherical, SphericalHarmonics3, SplineCurve, SpotLight, SpotLightHelper, Sprite, SpriteMaterial, SrcAlphaFactor, SrcAlphaSaturateFactor, SrcColorFactor, StaticCopyUsage, StaticDrawUsage, StaticReadUsage, StereoCamera, StreamCopyUsage, StreamDrawUsage, StreamReadUsage, StringKeyframeTrack, SubtractEquation, SubtractiveBlending, TOUCH, TangentSpaceNormalMap, TetrahedronGeometry, Texture, TextureLoader, TextureUtils, TimestampQuery, TorusGeometry, TorusKnotGeometry, Triangle, TriangleFanDrawMode, TriangleStripDrawMode, TrianglesDrawMode, TubeGeometry, UVMapping, Uint16BufferAttribute, Uint32BufferAttribute, Uint8BufferAttribute, Uint8ClampedBufferAttribute, Uniform, UniformsGroup, UniformsLib, UniformsUtils, UnsignedByteType, UnsignedInt248Type, UnsignedInt5999Type, UnsignedIntType, UnsignedShort4444Type, UnsignedShort5551Type, UnsignedShortType, VSMShadowMap, Vector2, Vector3, Vector4, VectorKeyframeTrack, VideoFrameTexture, VideoTexture, WebGL3DRenderTarget, WebGLArrayRenderTarget, WebGLCoordinateSystem, WebGLCubeRenderTarget, WebGLRenderTarget, WebGLRenderer, WebGLUtils, WebGPUCoordinateSystem, WebXRController, WireframeGeometry, WrapAroundEnding, ZeroCurvatureEnding, ZeroFactor, ZeroSlopeEnding, ZeroStencilOp, createCanvasElement)

ERROR in ./node_modules/@react-three/drei/core/SpotLight.js 97:14-28
export 'LinearEncoding' (imported as 'LinearEncoding') was not found in 'three' (possible exports: ACESFilmicToneMapping, AddEquation, AddOperation, AdditiveAnimationBlendMode, AdditiveBlending, AgXToneMapping, AlphaFormat, AlwaysCompare, AlwaysDepth, AlwaysStencilFunc, AmbientLight, AnimationAction, AnimationClip, AnimationLoader, AnimationMixer, AnimationObjectGroup, AnimationUtils, ArcCurve, ArrayCamera, ArrowHelper, AttachedBindMode, Audio, AudioAnalyser, AudioContext, AudioListener, AudioLoader, AxesHelper, BackSide, BasicDepthPacking, BasicShadowMap, BatchedMesh, Bone, BooleanKeyframeTrack, Box2, Box3, Box3Helper, BoxGeometry, BoxHelper, BufferAttribute, BufferGeometry, BufferGeometryLoader, ByteType, Cache, Camera, CameraHelper, CanvasTexture, CapsuleGeometry, CatmullRomCurve3, CineonToneMapping, CircleGeometry, ClampToEdgeWrapping, Clock, Color, ColorKeyframeTrack, ColorManagement, CompressedArrayTexture, CompressedCubeTexture, CompressedTexture, CompressedTextureLoader, ConeGeometry, ConstantAlphaFactor, ConstantColorFactor, Controls, CubeCamera, CubeReflectionMapping, CubeRefractionMapping, CubeTexture, CubeTextureLoader, CubeUVReflectionMapping, CubicBezierCurve, CubicBezierCurve3, CubicInterpolant, CullFaceBack, CullFaceFront, CullFaceFrontBack, CullFaceNone, Curve, CurvePath, CustomBlending, CustomToneMapping, CylinderGeometry, Cylindrical, Data3DTexture, DataArrayTexture, DataTexture, DataTextureLoader, DataUtils, DecrementStencilOp, DecrementWrapStencilOp, DefaultLoadingManager, DepthArrayTexture, DepthFormat, DepthStencilFormat, DepthTexture, DetachedBindMode, DirectionalLight, DirectionalLightHelper, DiscreteInterpolant, DodecahedronGeometry, DoubleSide, DstAlphaFactor, DstColorFactor, DynamicCopyUsage, DynamicDrawUsage, DynamicReadUsage, EdgesGeometry, EllipseCurve, EqualCompare, EqualDepth, EqualStencilFunc, EquirectangularReflectionMapping, EquirectangularRefractionMapping, Euler, EventDispatcher, ExtrudeGeometry, FileLoader, Float16BufferAttribute, Float32BufferAttribute, FloatType, Fog, FogExp2, FramebufferTexture, FrontSide, Frustum, FrustumArray, GLBufferAttribute, GLSL1, GLSL3, GreaterCompare, GreaterDepth, GreaterEqualCompare, GreaterEqualDepth, GreaterEqualStencilFunc, GreaterStencilFunc, GridHelper, Group, HalfFloatType, HemisphereLight, HemisphereLightHelper, IcosahedronGeometry, ImageBitmapLoader, ImageLoader, ImageUtils, IncrementStencilOp, IncrementWrapStencilOp, InstancedBufferAttribute, InstancedBufferGeometry, InstancedInterleavedBuffer, InstancedMesh, Int16BufferAttribute, Int32BufferAttribute, Int8BufferAttribute, IntType, InterleavedBuffer, InterleavedBufferAttribute, Interpolant, InterpolateDiscrete, InterpolateLinear, InterpolateSmooth, InterpolationSamplingMode, InterpolationSamplingType, InvertStencilOp, KeepStencilOp, KeyframeTrack, LOD, LatheGeometry, Layers, LessCompare, LessDepth, LessEqualCompare, LessEqualDepth, LessEqualStencilFunc, LessStencilFunc, Light, LightProbe, Line, Line3, LineBasicMaterial, LineCurve, LineCurve3, LineDashedMaterial, LineLoop, LineSegments, LinearFilter, LinearInterpolant, LinearMipMapLinearFilter, LinearMipMapNearestFilter, LinearMipmapLinearFilter, LinearMipmapNearestFilter, LinearSRGBColorSpace, LinearToneMapping, LinearTransfer, Loader, LoaderUtils, LoadingManager, LoopOnce, LoopPingPong, LoopRepeat, MOUSE, Material, MaterialLoader, MathUtils, Matrix2, Matrix3, Matrix4, MaxEquation, Mesh, MeshBasicMaterial, MeshDepthMaterial, MeshDistanceMaterial, MeshLambertMaterial, MeshMatcapMaterial, MeshNormalMaterial, MeshPhongMaterial, MeshPhysicalMaterial, MeshStandardMaterial, MeshToonMaterial, MinEquation, MirroredRepeatWrapping, MixOperation, MultiplyBlending, MultiplyOperation, NearestFilter, NearestMipMapLinearFilter, NearestMipMapNearestFilter, NearestMipmapLinearFilter, NearestMipmapNearestFilter, NeutralToneMapping, NeverCompare, NeverDepth, NeverStencilFunc, NoBlending, NoColorSpace, NoToneMapping, NormalAnimationBlendMode, NormalBlending, NotEqualCompare, NotEqualDepth, NotEqualStencilFunc, NumberKeyframeTrack, Object3D, ObjectLoader, ObjectSpaceNormalMap, OctahedronGeometry, OneFactor, OneMinusConstantAlphaFactor, OneMinusConstantColorFactor, OneMinusDstAlphaFactor, OneMinusDstColorFactor, OneMinusSrcAlphaFactor, OneMinusSrcColorFactor, OrthographicCamera, PCFShadowMap, PCFSoftShadowMap, PMREMGenerator, Path, PerspectiveCamera, Plane, PlaneGeometry, PlaneHelper, PointLight, PointLightHelper, Points, PointsMaterial, PolarGridHelper, PolyhedronGeometry, PositionalAudio, PropertyBinding, PropertyMixer, QuadraticBezierCurve, QuadraticBezierCurve3, Quaternion, QuaternionKeyframeTrack, QuaternionLinearInterpolant, RED_GREEN_RGTC2_Format, RED_RGTC1_Format, REVISION, RGBADepthPacking, RGBAFormat, RGBAIntegerFormat, RGBA_ASTC_10x10_Format, RGBA_ASTC_10x5_Format, RGBA_ASTC_10x6_Format, RGBA_ASTC_10x8_Format, RGBA_ASTC_12x10_Format, RGBA_ASTC_12x12_Format, RGBA_ASTC_4x4_Format, RGBA_ASTC_5x4_Format, RGBA_ASTC_5x5_Format, RGBA_ASTC_6x5_Format, RGBA_ASTC_6x6_Format, RGBA_ASTC_8x5_Format, RGBA_ASTC_8x6_Format, RGBA_ASTC_8x8_Format, RGBA_BPTC_Format, RGBA_ETC2_EAC_Format, RGBA_PVRTC_2BPPV1_Format, RGBA_PVRTC_4BPPV1_Format, RGBA_S3TC_DXT1_Format, RGBA_S3TC_DXT3_Format, RGBA_S3TC_DXT5_Format, RGBDepthPacking, RGBFormat, RGBIntegerFormat, RGB_BPTC_SIGNED_Format, RGB_BPTC_UNSIGNED_Format, RGB_ETC1_Format, RGB_ETC2_Format, RGB_PVRTC_2BPPV1_Format, RGB_PVRTC_4BPPV1_Format, RGB_S3TC_DXT1_Format, RGDepthPacking, RGFormat, RGIntegerFormat, RawShaderMaterial, Ray, Raycaster, RectAreaLight, RedFormat, RedIntegerFormat, ReinhardToneMapping, RenderTarget, RenderTarget3D, RenderTargetArray, RepeatWrapping, ReplaceStencilOp, ReverseSubtractEquation, RingGeometry, SIGNED_RED_GREEN_RGTC2_Format, SIGNED_RED_RGTC1_Format, SRGBColorSpace, SRGBTransfer, Scene, ShaderChunk, ShaderLib, ShaderMaterial, ShadowMaterial, Shape, ShapeGeometry, ShapePath, ShapeUtils, ShortType, Skeleton, SkeletonHelper, SkinnedMesh, Source, Sphere, SphereGeometry, Spherical, SphericalHarmonics3, SplineCurve, SpotLight, SpotLightHelper, Sprite, SpriteMaterial, SrcAlphaFactor, SrcAlphaSaturateFactor, SrcColorFactor, StaticCopyUsage, StaticDrawUsage, StaticReadUsage, StereoCamera, StreamCopyUsage, StreamDrawUsage, StreamReadUsage, StringKeyframeTrack, SubtractEquation, SubtractiveBlending, TOUCH, TangentSpaceNormalMap, TetrahedronGeometry, Texture, TextureLoader, TextureUtils, TimestampQuery, TorusGeometry, TorusKnotGeometry, Triangle, TriangleFanDrawMode, TriangleStripDrawMode, TrianglesDrawMode, TubeGeometry, UVMapping, Uint16BufferAttribute, Uint32BufferAttribute, Uint8BufferAttribute, Uint8ClampedBufferAttribute, Uniform, UniformsGroup, UniformsLib, UniformsUtils, UnsignedByteType, UnsignedInt248Type, UnsignedInt5999Type, UnsignedIntType, UnsignedShort4444Type, UnsignedShort5551Type, UnsignedShortType, VSMShadowMap, Vector2, Vector3, Vector4, VectorKeyframeTrack, VideoFrameTexture, VideoTexture, WebGL3DRenderTarget, WebGLArrayRenderTarget, WebGLCoordinateSystem, WebGLCubeRenderTarget, WebGLRenderTarget, WebGLRenderer, WebGLUtils, WebGPUCoordinateSystem, WebXRController, WireframeGeometry, WrapAroundEnding, ZeroCurvatureEnding, ZeroFactor, ZeroSlopeEnding, ZeroStencilOp, createCanvasElement)

ERROR in ./node_modules/three-stdlib/node_modules/fflate/esm/browser.js
Module build failed (from ./node_modules/source-map-loader/dist/cjs.js):
Error: ENOENT: no such file or directory, open '/home/kavia/workspace/code-generation/rapidstrike-immersive-fps-24317-a23bcf2d/rapidstrike_fps/node_modules/three-stdlib/node_modules/fflate/esm/browser.js'

webpack compiled with 4 errors and 2 warnings
Failed to compile.

Error: ENOENT: no such file or directory, open '/home/kavia/workspace/code-generation/rapidstrike-immersive-fps-24317-a23bcf2d/rapidstrike_fps/node_modules/three-stdlib/node_modules/fflate/esm/browser.js'
LOG from webpack.FileSystemInfo
<w> Managed item /home/kavia/workspace/code-generation/rapidstrike-immersive-fps-24317-a23bcf2d/rapidstrike_fps/node_modules/three isn't a directory or doesn't contain a package.json (see snapshot.managedPaths option)
+ 8 hidden lines

WARNING in ./node_modules/@mediapipe/tasks-vision/vision_bundle.mjs
Module Warning (from ./node_modules/source-map-loader/dist/cjs.js):
Failed to parse source map from '/home/kavia/workspace/code-generation/rapidstrike-immersive-fps-24317-a23bcf2d/rapidstrike_fps/node_modules/@mediapipe/tasks-vision/vision_bundle_mjs.js.map' file: Error: ENOENT: no such file or directory, open '/home/kavia/workspace/code-generation/rapidstrike-immersive-fps-24317-a23bcf2d/rapidstrike_fps/node_modules/@mediapipe/tasks-vision/vision_bundle_mjs.js.map'

WARNING in [eslint] 
src/FPSCanvas.js
  Line 12:19:  'gl' is assigned a value but never used  no-unused-vars

ERROR in ./node_modules/three-stdlib/node_modules/fflate/esm/browser.js
Module build failed (from ./node_modules/source-map-loader/dist/cjs.js):
Error: ENOENT: no such file or directory, open '/home/kavia/workspace/code-generation/rapidstrike-immersive-fps-24317-a23bcf2d/rapidstrike_fps/node_modules/three-stdlib/node_modules/fflate/esm/browser.js'

ERROR in ./node_modules/three/build/three.module.js
Module build failed (from ./node_modules/source-map-loader/dist/cjs.js):
Error: ENOENT: no such file or directory, open '/home/kavia/workspace/code-generation/rapidstrike-immersive-fps-24317-a23bcf2d/rapidstrike_fps/node_modules/three/build/three.module.js'

webpack compiled with 2 errors and 2 warnings
Compiling...
Failed to compile.

Error: ENOENT: no such file or directory, open '/home/kavia/workspace/code-generation/rapidstrike-immersive-fps-24317-a23bcf2d/rapidstrike_fps/node_modules/three-stdlib/node_modules/fflate/esm/browser.js'
LOG from webpack.FileSystemInfo
<w> Managed item /home/kavia/workspace/code-generation/rapidstrike-immersive-fps-24317-a23bcf2d/rapidstrike_fps/node_modules/three isn't a directory or doesn't contain a package.json (see snapshot.managedPaths option)
+ 10 hidden lines

WARNING in ./node_modules/@mediapipe/tasks-vision/vision_bundle.mjs
Module Warning (from ./node_modules/source-map-loader/dist/cjs.js):
Failed to parse source map from '/home/kavia/workspace/code-generation/rapidstrike-immersive-fps-24317-a23bcf2d/rapidstrike_fps/node_modules/@mediapipe/tasks-vision/vision_bundle_mjs.js.map' file: Error: ENOENT: no such file or directory, open '/home/kavia/workspace/code-generation/rapidstrike-immersive-fps-24317-a23bcf2d/rapidstrike_fps/node_modules/@mediapipe/tasks-vision/vision_bundle_mjs.js.map'

WARNING in [eslint] 
src/FPSCanvas.js
  Line 12:19:  'gl' is assigned a value but never used  no-unused-vars

ERROR in ./node_modules/three-stdlib/node_modules/fflate/esm/browser.js
Module build failed (from ./node_modules/source-map-loader/dist/cjs.js):
Error: ENOENT: no such file or directory, open '/home/kavia/workspace/code-generation/rapidstrike-immersive-fps-24317-a23bcf2d/rapidstrike_fps/node_modules/three-stdlib/node_modules/fflate/esm/browser.js'

webpack compiled with 1 error and 2 warnings
Compiling...
